"mahjong_red_dragon": "1f004",
"mahjong": "1f004",
"joker": "1f0cf",
"black_joker": "1f0cf",
"a_button": "1f170",
"a": "1f170",
"b_button": "1f171",
"b": "1f171",
"o_button": "1f17e",
"o2": "1f17e",
"p_button": "1f17f",
"parking": "1f17f",
"ab_button": "1f18e",
"ab": "1f18e",
"squared_cl": "1f191",
"cl": "1f191",
"squared_cool": "1f192",
"cool": "1f192",
"squared_free": "1f193",
"free": "1f193",
"squared_id": "1f194",
"id": "1f194",
"squared_new": "1f195",
"new": "1f195",
"squared_ng": "1f196",
"ng": "1f196",
"squared_ok": "1f197",
"ok": "1f197",
"squared_sos": "1f198",
"sos": "1f198",
"upexc_button": "1f199",
"up": "1f199",
"squared_vs": "1f19a",
"vs": "1f19a",
"ascension_island_flag": "1f1e6_1f1e8",
"andorra_flag": "1f1e6_1f1e9",
"emirates_uae_united_flag": "1f1e6_1f1ea",
"afghanistan_flag": "1f1e6_1f1eb",
"antigua_barbuda_flag": "1f1e6_1f1ec",
"anguilla_flag": "1f1e6_1f1ee",
"albania_flag": "1f1e6_1f1f1",
"armenia_flag": "1f1e6_1f1f2",
"angola_flag": "1f1e6_1f1f4",
"antarctica_flag": "1f1e6_1f1f6",
"argentina_flag": "1f1e6_1f1f7",
"american_samoa_flag": "1f1e6_1f1f8",
"austria_flag": "1f1e6_1f1f9",
"australia_flag": "1f1e6_1f1fa",
"aruba_flag": "1f1e6_1f1fc",
"aland_flag": "1f1e6_1f1fd",
"azerbaijan_flag": "1f1e6_1f1ff",
"aa": "1f1e6",
"squared_a": "1f1e6",
"bosnia_herzegovina_flag": "1f1e7_1f1e6",
"barbados_flag": "1f1e7_1f1e7",
"bangladesh_flag": "1f1e7_1f1e9",
"belgium_flag": "1f1e7_1f1ea",
"burkina_faso_flag": "1f1e7_1f1eb",
"bulgaria_flag": "1f1e7_1f1ec",
"bahrain_flag": "1f1e7_1f1ed",
"burundi_flag": "1f1e7_1f1ee",
"benin_flag": "1f1e7_1f1ef",
"barthelemy_barthelemy_saint_flag": "1f1e7_1f1f1",
"bermuda_flag": "1f1e7_1f1f2",
"brunei_darussalam_flag": "1f1e7_1f1f3",
"bolivia_flag": "1f1e7_1f1f4",
"bonaire_caribbean_eustatius_netherlands_saba_sint_flag": "1f1e7_1f1f6",
"brazil_flag": "1f1e7_1f1f7",
"bahamas_flag": "1f1e7_1f1f8",
"bhutan_flag": "1f1e7_1f1f9",
"bouvet_island_flag": "1f1e7_1f1fb",
"botswana_flag": "1f1e7_1f1fc",
"belarus_flag": "1f1e7_1f1fe",
"belize_flag": "1f1e7_1f1ff",
"bb": "1f1e7",
"squared_b": "1f1e7",
"canada_flag": "1f1e8_1f1e6",
"cocos_island_keeling_flag": "1f1e8_1f1e8",
"congo_congo_kinshasa_democratic_republic_of_congo_drc_kinshasa_republic_flag": "1f1e8_1f1e9",
"central_african_republic_republic_flag": "1f1e8_1f1eb",
"brazzaville_congo_congo_republic_congo_brazzaville_republic_republic_of_the_congo_flag": "1f1e8_1f1ec",
"switzerland_flag": "1f1e8_1f1ed",
"cote_ivoire_cote_ivoire_ivory_coast_flag": "1f1e8_1f1ee",
"cook_island_flag": "1f1e8_1f1f0",
"chile_flag": "1f1e8_1f1f1",
"cameroon_flag": "1f1e8_1f1f2",
"china_flag": "1f1e8_1f1f3",
"cn": "1f1e8_1f1f3",
"colombia_flag": "1f1e8_1f1f4",
"clipperton_island_flag": "1f1e8_1f1f5",
"costa_rica_flag": "1f1e8_1f1f7",
"cuba_flag": "1f1e8_1f1fa",
"cabo_cape_verde_flag": "1f1e8_1f1fb",
"antilles_curacao_curaçao_flag": "1f1e8_1f1fc",
"christmas_island_flag": "1f1e8_1f1fd",
"cyprus_flag": "1f1e8_1f1fe",
"czech_republic_flag": "1f1e8_1f1ff",
"cc": "1f1e8",
"squared_c": "1f1e8",
"germany_flag": "1f1e9_1f1ea",
"de": "1f1e9_1f1ea",
"diego_garcia_flag": "1f1e9_1f1ec",
"djibouti_flag": "1f1e9_1f1ef",
"denmark_flag": "1f1e9_1f1f0",
"dominica_flag": "1f1e9_1f1f2",
"dominican_republic_flag": "1f1e9_1f1f4",
"algeria_flag": "1f1e9_1f1ff",
"dd": "1f1e9",
"squared_d": "1f1e9",
"ceuta_melilla_flag": "1f1ea_1f1e6",
"ecuador_flag": "1f1ea_1f1e8",
"estonia_flag": "1f1ea_1f1ea",
"egypt_flag": "1f1ea_1f1ec",
"sahara_west_western_sahara_flag": "1f1ea_1f1ed",
"eritrea_flag": "1f1ea_1f1f7",
"spain_flag": "1f1ea_1f1f8",
"es": "1f1ea_1f1f8",
"ethiopia_flag": "1f1ea_1f1f9",
"european_union_flag": "1f1ea_1f1fa",
"ee": "1f1ea",
"squared_e": "1f1ea",
"finland_flag": "1f1eb_1f1ee",
"fiji_flag": "1f1eb_1f1ef",
"falkland_falklands_island_islas_malvinas_flag": "1f1eb_1f1f0",
"micronesia_flag": "1f1eb_1f1f2",
"faroe_island_flag": "1f1eb_1f1f4",
"france_flag": "1f1eb_1f1f7",
"fr": "1f1eb_1f1f7",
"ff": "1f1eb",
"squared_f": "1f1eb",
"gabon_flag": "1f1ec_1f1e6",
"britain_british_cornwall_england_great_britain_ireland_northern_ireland_scotland_uk_union_jack_united_united_kingdom_wales_flag": "1f1ec_1f1e7",
"gb": "1f1ec_1f1e7",
"grenada_flag": "1f1ec_1f1e9",
"georgia_flag": "1f1ec_1f1ea",
"french_guiana_flag": "1f1ec_1f1eb",
"guernsey_flag": "1f1ec_1f1ec",
"ghana_flag": "1f1ec_1f1ed",
"gibraltar_flag": "1f1ec_1f1ee",
"greenland_flag": "1f1ec_1f1f1",
"gambia_flag": "1f1ec_1f1f2",
"guinea_flag": "1f1ec_1f1f3",
"guadeloupe_flag": "1f1ec_1f1f5",
"equatorial_guinea_guinea_flag": "1f1ec_1f1f6",
"greece_flag": "1f1ec_1f1f7",
"georgia_island_south_south_georgia_south_sandwich_flag": "1f1ec_1f1f8",
"guatemala_flag": "1f1ec_1f1f9",
"guam_flag": "1f1ec_1f1fa",
"bissau_guinea_flag": "1f1ec_1f1fc",
"guyana_flag": "1f1ec_1f1fe",
"gg": "1f1ec",
"squared_g": "1f1ec",
"china_hong_kong_flag": "1f1ed_1f1f0",
"heard_island_mcdonald_flag": "1f1ed_1f1f2",
"honduras_flag": "1f1ed_1f1f3",
"croatia_flag": "1f1ed_1f1f7",
"haiti_flag": "1f1ed_1f1f9",
"hungary_flag": "1f1ed_1f1fa",
"hh": "1f1ed",
"squared_h": "1f1ed",
"canary_island_flag": "1f1ee_1f1e8",
"indonesia_flag": "1f1ee_1f1e9",
"ireland_flag": "1f1ee_1f1ea",
"israel_flag": "1f1ee_1f1f1",
"isle_of_man_flag": "1f1ee_1f1f2",
"india_flag": "1f1ee_1f1f3",
"british_chagos_indian_ocean_island_flag": "1f1ee_1f1f4",
"iraq_flag": "1f1ee_1f1f6",
"iran_flag": "1f1ee_1f1f7",
"iceland_flag": "1f1ee_1f1f8",
"italy_flag": "1f1ee_1f1f9",
"it": "1f1ee_1f1f9",
"ii": "1f1ee",
"squared_i": "1f1ee",
"jersey_flag": "1f1ef_1f1ea",
"jamaica_flag": "1f1ef_1f1f2",
"jordan_flag": "1f1ef_1f1f4",
"japan_flag": "1f1ef_1f1f5",
"jp": "1f1ef_1f1f5",
"jj": "1f1ef",
"squared_j": "1f1ef",
"kenya_flag": "1f1f0_1f1ea",
"kyrgyzstan_flag": "1f1f0_1f1ec",
"cambodia_flag": "1f1f0_1f1ed",
"kiribati_flag": "1f1f0_1f1ee",
"comoros_flag": "1f1f0_1f1f2",
"kitts_nevis_saint_flag": "1f1f0_1f1f3",
"korea_north_north_korea_flag": "1f1f0_1f1f5",
"korea_south_south_korea_flag": "1f1f0_1f1f7",
"kr": "1f1f0_1f1f7",
"kuwait_flag": "1f1f0_1f1fc",
"cayman_island_flag": "1f1f0_1f1fe",
"kazakhstan_flag": "1f1f0_1f1ff",
"kk": "1f1f0",
"squared_k": "1f1f0",
"laos_flag": "1f1f1_1f1e6",
"lebanon_flag": "1f1f1_1f1e7",
"lucia_saint_flag": "1f1f1_1f1e8",
"liechtenstein_flag": "1f1f1_1f1ee",
"sri_lanka_flag": "1f1f1_1f1f0",
"liberia_flag": "1f1f1_1f1f7",
"lesotho_flag": "1f1f1_1f1f8",
"lithuania_flag": "1f1f1_1f1f9",
"luxembourg_flag": "1f1f1_1f1fa",
"latvia_flag": "1f1f1_1f1fb",
"libya_flag": "1f1f1_1f1fe",
"ll": "1f1f1",
"squared_l": "1f1f1",
"morocco_flag": "1f1f2_1f1e6",
"monaco_flag": "1f1f2_1f1e8",
"moldova_flag": "1f1f2_1f1e9",
"montenegro_flag": "1f1f2_1f1ea",
"french_martin_saint_flag": "1f1f2_1f1eb",
"madagascar_flag": "1f1f2_1f1ec",
"island_marshall_flag": "1f1f2_1f1ed",
"macedonia_flag": "1f1f2_1f1f0",
"mali_flag": "1f1f2_1f1f1",
"burma_myanmar_flag": "1f1f2_1f1f2",
"mongolia_flag": "1f1f2_1f1f3",
"china_macao_macau_flag": "1f1f2_1f1f4",
"island_mariana_north_northern_mariana_flag": "1f1f2_1f1f5",
"martinique_flag": "1f1f2_1f1f6",
"mauritania_flag": "1f1f2_1f1f7",
"montserrat_flag": "1f1f2_1f1f8",
"malta_flag": "1f1f2_1f1f9",
"mauritius_flag": "1f1f2_1f1fa",
"maldives_flag": "1f1f2_1f1fb",
"malawi_flag": "1f1f2_1f1fc",
"mexico_flag": "1f1f2_1f1fd",
"malaysia_flag": "1f1f2_1f1fe",
"mozambique_flag": "1f1f2_1f1ff",
"mm": "1f1f2",
"squared_m": "1f1f2",
"namibia_flag": "1f1f3_1f1e6",
"new_new_caledonia_flag": "1f1f3_1f1e8",
"niger_flag": "1f1f3_1f1ea",
"island_norfolk_flag": "1f1f3_1f1eb",
"nigeria_flag": "1f1f3_1f1ec",
"nicaragua_flag": "1f1f3_1f1ee",
"netherlands_flag": "1f1f3_1f1f1",
"norway_flag": "1f1f3_1f1f4",
"nepal_flag": "1f1f3_1f1f5",
"nauru_flag": "1f1f3_1f1f7",
"niue_flag": "1f1f3_1f1fa",
"new_new_zealand_flag": "1f1f3_1f1ff",
"nn": "1f1f3",
"squared_n": "1f1f3",
"oman_flag": "1f1f4_1f1f2",
"oo": "1f1f4",
"squared_o": "1f1f4",
"panama_flag": "1f1f5_1f1e6",
"peru_flag": "1f1f5_1f1ea",
"french_polynesia_flag": "1f1f5_1f1eb",
"guinea_new_papua_new_guinea_flag": "1f1f5_1f1ec",
"philippines_flag": "1f1f5_1f1ed",
"pakistan_flag": "1f1f5_1f1f0",
"poland_flag": "1f1f5_1f1f1",
"miquelon_pierre_saint_flag": "1f1f5_1f1f2",
"island_pitcairn_flag": "1f1f5_1f1f3",
"puerto_rico_flag": "1f1f5_1f1f7",
"palestine_flag": "1f1f5_1f1f8",
"portugal_flag": "1f1f5_1f1f9",
"palau_flag": "1f1f5_1f1fc",
"paraguay_flag": "1f1f5_1f1fe",
"pp": "1f1f5",
"squared_p": "1f1f5",
"qatar_flag": "1f1f6_1f1e6",
"qq": "1f1f6",
"squared_q": "1f1f6",
"reunion_reunion_flag": "1f1f7_1f1ea",
"romania_flag": "1f1f7_1f1f4",
"serbia_flag": "1f1f7_1f1f8",
"russia_flag": "1f1f7_1f1fa",
"ru": "1f1f7_1f1fa",
"rwanda_flag": "1f1f7_1f1fc",
"rr": "1f1f7",
"squared_r": "1f1f7",
"saudi_arabia_flag": "1f1f8_1f1e6",
"island_solomon_flag": "1f1f8_1f1e7",
"seychelles_flag": "1f1f8_1f1e8",
"sudan_flag": "1f1f8_1f1e9",
"sweden_flag": "1f1f8_1f1ea",
"singapore_flag": "1f1f8_1f1ec",
"helena_saint_flag": "1f1f8_1f1ed",
"slovenia_flag": "1f1f8_1f1ee",
"jan_mayen_svalbard_flag": "1f1f8_1f1ef",
"slovakia_flag": "1f1f8_1f1f0",
"sierra_leone_flag": "1f1f8_1f1f1",
"san_marino_flag": "1f1f8_1f1f2",
"senegal_flag": "1f1f8_1f1f3",
"somalia_flag": "1f1f8_1f1f4",
"suriname_flag": "1f1f8_1f1f7",
"south_south_sudan_sudan_flag": "1f1f8_1f1f8",
"principe_principe_sao_tome_sao_tome_flag": "1f1f8_1f1f9",
"el_salvador_flag": "1f1f8_1f1fb",
"maarten_sint_flag": "1f1f8_1f1fd",
"syria_flag": "1f1f8_1f1fe",
"swaziland_flag": "1f1f8_1f1ff",
"ss": "1f1f8",
"squared_s": "1f1f8",
"tristan_da_cunha_flag": "1f1f9_1f1e6",
"caicos_island_turks_flag": "1f1f9_1f1e8",
"chad_flag": "1f1f9_1f1e9",
"antarctic_french_flag": "1f1f9_1f1eb",
"togo_flag": "1f1f9_1f1ec",
"thailand_flag": "1f1f9_1f1ed",
"tajikistan_flag": "1f1f9_1f1ef",
"tokelau_flag": "1f1f9_1f1f0",
"east_east_timor_timor_leste_flag": "1f1f9_1f1f1",
"turkmenistan_flag": "1f1f9_1f1f2",
"tunisia_flag": "1f1f9_1f1f3",
"tonga_flag": "1f1f9_1f1f4",
"turkey_flag": "1f1f9_1f1f7",
"tobago_trinidad_flag": "1f1f9_1f1f9",
"tuvalu_flag": "1f1f9_1f1fb",
"china_taiwan_flag": "1f1f9_1f1fc",
"tanzania_flag": "1f1f9_1f1ff",
"tt": "1f1f9",
"squared_t": "1f1f9",
"ukraine_flag": "1f1fa_1f1e6",
"uganda_flag": "1f1fa_1f1ec",
"america_island_minor_outlying_united_united_states_us_usa_flag": "1f1fa_1f1f2",
"america_stars_and_stripes_united_united_states_flag": "1f1fa_1f1f8",
"us": "1f1fa_1f1f8",
"uruguay_flag": "1f1fa_1f1fe",
"uzbekistan_flag": "1f1fa_1f1ff",
"uu": "1f1fa",
"squared_u": "1f1fa",
"vatican_flag": "1f1fb_1f1e6",
"grenadines_saint_vincent_flag": "1f1fb_1f1e8",
"venezuela_flag": "1f1fb_1f1ea",
"british_island_virgin_flag": "1f1fb_1f1ec",
"america_american_island_united_united_states_us_usa_virgin_flag": "1f1fb_1f1ee",
"viet_nam_vietnam_flag": "1f1fb_1f1f3",
"vanuatu_flag": "1f1fb_1f1fa",
"vv": "1f1fb",
"squared_v": "1f1fb",
"futuna_wallis_flag": "1f1fc_1f1eb",
"samoa_flag": "1f1fc_1f1f8",
"ww": "1f1fc",
"squared_w": "1f1fc",
"kosovo_flag": "1f1fd_1f1f0",
"xx": "1f1fd",
"squared_x": "1f1fd",
"yemen_flag": "1f1fe_1f1ea",
"mayotte_flag": "1f1fe_1f1f9",
"yy": "1f1fe",
"squared_y": "1f1fe",
"south_south_africa_flag": "1f1ff_1f1e6",
"zambia_flag": "1f1ff_1f1f2",
"zimbabwe_flag": "1f1ff_1f1fc",
"zz": "1f1ff",
"squared_z": "1f1ff",
"squared_katakana_koko": "1f201",
"koko": "1f201",
"squared_katakana_sa": "1f202",
"sa": "1f202",
"squared_negation_ideograph": "1f21a",
"u7121": "1f21a",
"squared_finger_ideograph": "1f22f",
"u6307": "1f22f",
"squared_prohibit_ideograph": "1f232",
"u7981": "1f232",
"squared_empty_ideograph": "1f233",
"u7a7a": "1f233",
"squared_together_ideograph": "1f234",
"u5408": "1f234",
"squared_fullness_ideograph": "1f235",
"u6e80": "1f235",
"squared_exist_ideograph": "1f236",
"u6709": "1f236",
"squared_moon_ideograph": "1f237",
"u6708": "1f237",
"squared_apply_ideograph": "1f238",
"u7533": "1f238",
"squared_divide_ideograph": "1f239",
"u5272": "1f239",
"squared_operating_ideograph": "1f23a",
"u55b6": "1f23a",
"circled_advantage_ideograph": "1f250",
"ideograph_advantage": "1f250",
"circled_accept_ideograph": "1f251",
"accept": "1f251",
"cyclone": "1f300",
"foggy": "1f301",
"closed_umbrella": "1f302",
"night_with_stars": "1f303",
"stars": "1f303",
"sunrise_over_mountains": "1f304",
"sunrise": "1f305",
"cityscape_at_dusk": "1f306",
"city_sunset": "1f306",
"sunset": "1f307",
"city_sunrise": "1f307",
"rainbow": "1f308",
"bridge_at_night": "1f309",
"water_wave": "1f30a",
"ocean": "1f30a",
"volcano": "1f30b",
"milky_way": "1f30c",
"globe_showing_europe_africa": "1f30d",
"earth_africa": "1f30d",
"globe_showing_americas": "1f30e",
"earth_americas": "1f30e",
"globe_showing_asia_australia": "1f30f",
"earth_asia": "1f30f",
"globe_with_meridians": "1f310",
"new_moon": "1f311",
"waxing_crescent_moon": "1f312",
"first_quarter_moon": "1f313",
"waxing_gibbous_moon": "1f314",
"full_moon": "1f315",
"waning_gibbous_moon": "1f316",
"last_quarter_moon": "1f317",
"waning_crescent_moon": "1f318",
"crescent_moon": "1f319",
"moon": "1f319",
"new_moon_face": "1f31a",
"new_moon_with_face": "1f31a",
"first_quarter_moon_with_face": "1f31b",
"last_quarter_moon_with_face": "1f31c",
"full_moon_with_face": "1f31d",
"sun_with_face": "1f31e",
"glowing_star": "1f31f",
"star2": "1f31f",
"shooting_star": "1f320",
"thermometer": "1f321",
"sun_behind_small_cloud": "1f324",
"sun_behind_large_cloud": "1f325",
"sun_behind_cloud_with_rain": "1f326",
"cloud_with_rain": "1f327",
"cloud_with_snow": "1f328",
"cloud_with_lightning": "1f329",
"tornado": "1f32a",
"fog": "1f32b",
"wind_face": "1f32c",
"hot_dog": "1f32d",
"taco": "1f32e",
"burrito": "1f32f",
"chestnut": "1f330",
"seedling": "1f331",
"evergreen": "1f332",
"evergreen_tree": "1f332",
"deciduous_tree": "1f333",
"palm_tree": "1f334",
"cactus": "1f335",
"hot_pepper": "1f336",
"tulip": "1f337",
"cherry_blossom": "1f338",
"rose": "1f339",
"hibiscus": "1f33a",
"sunflower": "1f33b",
"blossom": "1f33c",
"ear_of_corn": "1f33d",
"corn": "1f33d",
"sheaf_of_rice": "1f33e",
"ear_of_rice": "1f33e",
"herb": "1f33f",
"four_leaf_clover": "1f340",
"maple_leaf": "1f341",
"fallen_leaf": "1f342",
"leaf_fluttering_in_wind": "1f343",
"leaves": "1f343",
"mushroom": "1f344",
"tomato": "1f345",
"eggplant": "1f346",
"grapes": "1f347",
"melon": "1f348",
"watermelon": "1f349",
"tangerine": "1f34a",
"lemon": "1f34b",
"banana": "1f34c",
"pineapple": "1f34d",
"red_apple": "1f34e",
"apple": "1f34e",
"green_apple": "1f34f",
"pear": "1f350",
"peach": "1f351",
"cherries": "1f352",
"strawberry": "1f353",
"hamburger": "1f354",
"pizza": "1f355",
"meat_on_bone": "1f356",
"poultry_leg": "1f357",
"rice_cracker": "1f358",
"rice_ball": "1f359",
"cooked_rice": "1f35a",
"rice": "1f35a",
"curry_rice": "1f35b",
"curry": "1f35b",
"steaming_bowl": "1f35c",
"ramen": "1f35c",
"spaghetti": "1f35d",
"bread": "1f35e",
"french_fries": "1f35f",
"fries": "1f35f",
"roasted_sweet_potato": "1f360",
"sweet_potato": "1f360",
"dango": "1f361",
"oden": "1f362",
"sushi": "1f363",
"fried_shrimp": "1f364",
"fish_cake_with_swirl": "1f365",
"fish_cake": "1f365",
"soft_ice_cream": "1f366",
"icecream": "1f366",
"shaved_ice": "1f367",
"ice_cream": "1f368",
"doughnut": "1f369",
"cookie": "1f36a",
"chocolate_bar": "1f36b",
"candy": "1f36c",
"lollipop": "1f36d",
"custard": "1f36e",
"honey_pot": "1f36f",
"shortcake": "1f370",
"cake": "1f370",
"bento_box": "1f371",
"bento": "1f371",
"pot_of_food": "1f372",
"stew": "1f372",
"cooking": "1f373",
"fork_and_knife": "1f374",
"teacup_without_handle": "1f375",
"tea": "1f375",
"sake": "1f376",
"wine_glass": "1f377",
"cocktail_glass": "1f378",
"cocktail": "1f378",
"tropical_drink": "1f379",
"beer_mug": "1f37a",
"beer": "1f37a",
"clinking_beer_mugs": "1f37b",
"beers": "1f37b",
"baby_bottle": "1f37c",
"fork_and_knife_with_plate": "1f37d",
"bottle_with_popping_cork": "1f37e",
"popcorn": "1f37f",
"ribbon": "1f380",
"wrapped_present": "1f381",
"gift": "1f381",
"birthday_cake": "1f382",
"birthday": "1f382",
"jack_o_lantern": "1f383",
"christmas_tree": "1f384",
"father_christmas_type_1_2": "1f385_1f3fb",
"father_christmas_type_3": "1f385_1f3fc",
"father_christmas_type_4": "1f385_1f3fd",
"father_christmas_type_5": "1f385_1f3fe",
"father_christmas_type_6": "1f385_1f3ff",
"santa_claus": "1f385",
"santa": "1f385",
"fireworks": "1f386",
"sparkler": "1f387",
"balloon": "1f388",
"party_popper": "1f389",
"tada": "1f389",
"confetti_ball": "1f38a",
"tanabata_tree": "1f38b",
"crossed_flags": "1f38c",
"pine_decoration": "1f38d",
"bamboo": "1f38d",
"japanese_dolls": "1f38e",
"dolls": "1f38e",
"carp_streamer": "1f38f",
"flags": "1f38f",
"wind_chime": "1f390",
"moon_ceremony": "1f391",
"rice_scene": "1f391",
"school_backpack": "1f392",
"school_satchel": "1f392",
"graduation_cap": "1f393",
"mortar_board": "1f393",
"military_medal": "1f396",
"reminder_ribbon": "1f397",
"studio_microphone": "1f399",
"level_slider": "1f39a",
"control_knobs": "1f39b",
"film_frames": "1f39e",
"admission_tickets": "1f39f",
"carousel_horse": "1f3a0",
"ferris_wheel": "1f3a1",
"roller_coaster": "1f3a2",
"fishing_pole": "1f3a3",
"fishing_pole_and_fish": "1f3a3",
"microphone": "1f3a4",
"movie_camera": "1f3a5",
"cinema": "1f3a6",
"headphone": "1f3a7",
"headphones": "1f3a7",
"artist_palette": "1f3a8",
"art": "1f3a8",
"top_hat": "1f3a9",
"tophat": "1f3a9",
"circus_tent": "1f3aa",
"ticket": "1f3ab",
"clapper_board": "1f3ac",
"clapper": "1f3ac",
"performing_arts": "1f3ad",
"video_game": "1f3ae",
"direct_hit": "1f3af",
"dart": "1f3af",
"slot_machine": "1f3b0",
"billiards": "1f3b1",
"8ball": "1f3b1",
"game_die": "1f3b2",
"bowling": "1f3b3",
"flower_playing_cards": "1f3b4",
"musical_note": "1f3b5",
"musical_notes": "1f3b6",
"notes": "1f3b6",
"saxophone": "1f3b7",
"guitar": "1f3b8",
"musical_keyboard": "1f3b9",
"trumpet": "1f3ba",
"violin": "1f3bb",
"musical_score": "1f3bc",
"running_shirt": "1f3bd",
"running_shirt_with_sash": "1f3bd",
"tennis": "1f3be",
"skis": "1f3bf",
"ski": "1f3bf",
"basketball": "1f3c0",
"chequered_flag": "1f3c1",
"checkered_flag": "1f3c1",
"snowboarder_type_1_2": "1f3c2_1f3fb",
"snowboarder_type_3": "1f3c2_1f3fc",
"snowboarder_type_4": "1f3c2_1f3fd",
"snowboarder_type_5": "1f3c2_1f3fe",
"snowboarder_type_6": "1f3c2_1f3ff",
"snowboarder": "1f3c2",
"runner_type_1_2": "1f3c3_1f3fb",
"runner_type_3": "1f3c3_1f3fc",
"runner_type_4": "1f3c3_1f3fd",
"runner_type_5": "1f3c3_1f3fe",
"runner_type_6": "1f3c3_1f3ff",
"runner": "1f3c3",
"surfer_type_1_2": "1f3c4_1f3fb",
"surfer_type_3": "1f3c4_1f3fc",
"surfer_type_4": "1f3c4_1f3fd",
"surfer_type_5": "1f3c4_1f3fe",
"surfer_type_6": "1f3c4_1f3ff",
"surfer": "1f3c4",
"sports_medal": "1f3c5",
"trophy": "1f3c6",
"horse_racing_type_1_2": "1f3c7_1f3fb",
"horse_racing_type_3": "1f3c7_1f3fc",
"horse_racing_type_4": "1f3c7_1f3fd",
"horse_racing_type_5": "1f3c7_1f3fe",
"horse_racing_type_6": "1f3c7_1f3ff",
"horse_racing": "1f3c7",
"american_football": "1f3c8",
"football": "1f3c8",
"rugby_football": "1f3c9",
"swimmer_type_1_2": "1f3ca_1f3fb",
"swimmer_type_3": "1f3ca_1f3fc",
"swimmer_type_4": "1f3ca_1f3fd",
"swimmer_type_5": "1f3ca_1f3fe",
"swimmer_type_6": "1f3ca_1f3ff",
"swimmer": "1f3ca",
"weight_lifter_type_1_2": "1f3cb_1f3fb",
"weight_lifter_type_3": "1f3cb_1f3fc",
"weight_lifter_type_4": "1f3cb_1f3fd",
"weight_lifter_type_5": "1f3cb_1f3fe",
"weight_lifter_type_6": "1f3cb_1f3ff",
"weight_lifter": "1f3cb",
"golfer": "1f3cc",
"motorcycle": "1f3cd",
"racing_car": "1f3ce",
"cricket": "1f3cf",
"volleyball": "1f3d0",
"field_hockey": "1f3d1",
"ice_hockey_stick_and_puck": "1f3d2",
"ping_pong": "1f3d3",
"snow_capped_mountain": "1f3d4",
"camping": "1f3d5",
"beach_with_umbrella": "1f3d6",
"building_construction": "1f3d7",
"house_buildings": "1f3d8",
"cityscape": "1f3d9",
"derelict_house_building": "1f3da",
"classical_building": "1f3db",
"desert": "1f3dc",
"desert_island": "1f3dd",
"national_park": "1f3de",
"stadium": "1f3df",
"house_building": "1f3e0",
"house": "1f3e0",
"house_with_garden": "1f3e1",
"office_building": "1f3e2",
"office": "1f3e2",
"japanese_post_office": "1f3e3",
"post_office": "1f3e4",
"european_post_office": "1f3e4",
"hospital": "1f3e5",
"bank": "1f3e6",
"atm_sign": "1f3e7",
"atm": "1f3e7",
"hotel": "1f3e8",
"love_hotel": "1f3e9",
"convenience_store": "1f3ea",
"school": "1f3eb",
"department_store": "1f3ec",
"factory": "1f3ed",
"red_paper_lantern": "1f3ee",
"japanese_castle": "1f3ef",
"castle": "1f3f0",
"european_castle": "1f3f0",
"rainbow_flag": "1f3f3_fe0f_200d_1f308",
"pride": "1f3f3_fe0f_200d_1f308",
"waving_white_flag": "1f3f3",
"pirate_flag": "1f3f4_200d_2620_fe0f",
"jolly_roger": "1f3f4_200d_2620_fe0f",
"waving_black_flag": "1f3f4",
"rosette": "1f3f5",
"label": "1f3f7",
"badminton": "1f3f8",
"bow_and_arrow": "1f3f9",
"amphora": "1f3fa",
"skin_type_1_2": "1f3fb",
"skin_type_3": "1f3fc",
"skin_type_4": "1f3fd",
"skin_type_5": "1f3fe",
"skin_type_6": "1f3ff",
"rat": "1f400",
"mouse": "1f401",
"mouse2": "1f401",
"ox": "1f402",
"water_buffalo": "1f403",
"cow": "1f404",
"cow2": "1f404",
"tiger": "1f405",
"tiger2": "1f405",
"leopard": "1f406",
"rabbit": "1f407",
"rabbit2": "1f407",
"cat": "1f408",
"cat2": "1f408",
"dragon": "1f409",
"crocodile": "1f40a",
"whale": "1f40b",
"whale2": "1f40b",
"snail": "1f40c",
"snake": "1f40d",
"horse": "1f40e",
"racehorse": "1f40e",
"ram": "1f40f",
"goat": "1f410",
"sheep": "1f411",
"monkey": "1f412",
"rooster": "1f413",
"chicken": "1f414",
"dog": "1f415",
"dog2": "1f415",
"pig": "1f416",
"pig2": "1f416",
"boar": "1f417",
"elephant": "1f418",
"octopus": "1f419",
"spiral_shell": "1f41a",
"shell": "1f41a",
"bug": "1f41b",
"ant": "1f41c",
"honeybee": "1f41d",
"lady_beetle": "1f41e",
"beetle": "1f41e",
"fish": "1f41f",
"tropical_fish": "1f420",
"blowfish": "1f421",
"turtle": "1f422",
"hatching_chick": "1f423",
"baby_chick": "1f424",
"front_facing_baby_chick": "1f425",
"hatched_chick": "1f425",
"bird": "1f426",
"penguin": "1f427",
"koala": "1f428",
"poodle": "1f429",
"camel": "1f42a",
"dromedary_camel": "1f42a",
"two_hump_camel": "1f42b",
"dolphin": "1f42c",
"mouse_face": "1f42d",
"cow_face": "1f42e",
"tiger_face": "1f42f",
"rabbit_face": "1f430",
"cat_face": "1f431",
"dragon_face": "1f432",
"spouting_whale": "1f433",
"horse_face": "1f434",
"monkey_face": "1f435",
"dog_face": "1f436",
"pig_face": "1f437",
"frog_face": "1f438",
"frog": "1f438",
"hamster_face": "1f439",
"hamster": "1f439",
"wolf_face": "1f43a",
"wolf": "1f43a",
"bear_face": "1f43b",
"bear": "1f43b",
"panda_face": "1f43c",
"pig_nose": "1f43d",
"paw_prints": "1f43e",
"chipmunk": "1f43f",
"eyes": "1f440",
"eye_in_speech_bubble": "1f441_200d_1f5e8",
"eye": "1f441",
"ear_type_1_2": "1f442_1f3fb",
"ear_type_3": "1f442_1f3fc",
"ear_type_4": "1f442_1f3fd",
"ear_type_5": "1f442_1f3fe",
"ear_type_6": "1f442_1f3ff",
"ear": "1f442",
"nose_type_1_2": "1f443_1f3fb",
"nose_type_3": "1f443_1f3fc",
"nose_type_4": "1f443_1f3fd",
"nose_type_5": "1f443_1f3fe",
"nose_type_6": "1f443_1f3ff",
"nose": "1f443",
"mouth": "1f444",
"lips": "1f444",
"tongue": "1f445",
"white_up_pointing_backhand_index_type_1_2": "1f446_1f3fb",
"white_up_pointing_backhand_index_type_3": "1f446_1f3fc",
"white_up_pointing_backhand_index_type_4": "1f446_1f3fd",
"white_up_pointing_backhand_index_type_5": "1f446_1f3fe",
"white_up_pointing_backhand_index_type_6": "1f446_1f3ff",
"backhand_index_pointing_up": "1f446",
"point_up_2": "1f446",
"white_down_pointing_backhand_index_type_1_2": "1f447_1f3fb",
"white_down_pointing_backhand_index_type_3": "1f447_1f3fc",
"white_down_pointing_backhand_index_type_4": "1f447_1f3fd",
"white_down_pointing_backhand_index_type_5": "1f447_1f3fe",
"white_down_pointing_backhand_index_type_6": "1f447_1f3ff",
"backhand_index_pointing_down": "1f447",
"point_down": "1f447",
"white_left_pointing_backhand_index_type_1_2": "1f448_1f3fb",
"white_left_pointing_backhand_index_type_3": "1f448_1f3fc",
"white_left_pointing_backhand_index_type_4": "1f448_1f3fd",
"white_left_pointing_backhand_index_type_5": "1f448_1f3fe",
"white_left_pointing_backhand_index_type_6": "1f448_1f3ff",
"backhand_index_pointing_left": "1f448",
"point_left": "1f448",
"white_right_pointing_backhand_index_type_1_2": "1f449_1f3fb",
"white_right_pointing_backhand_index_type_3": "1f449_1f3fc",
"white_right_pointing_backhand_index_type_4": "1f449_1f3fd",
"white_right_pointing_backhand_index_type_5": "1f449_1f3fe",
"white_right_pointing_backhand_index_type_6": "1f449_1f3ff",
"backhand_index_pointing_right": "1f449",
"point_right": "1f449",
"fisted_hand_sign_type_1_2": "1f44a_1f3fb",
"fisted_hand_sign_type_3": "1f44a_1f3fc",
"fisted_hand_sign_type_4": "1f44a_1f3fd",
"fisted_hand_sign_type_5": "1f44a_1f3fe",
"fisted_hand_sign_type_6": "1f44a_1f3ff",
"oncoming_fist": "1f44a",
"punch": "1f44a",
"waving_hand_sign_type_1_2": "1f44b_1f3fb",
"waving_hand_sign_type_3": "1f44b_1f3fc",
"waving_hand_sign_type_4": "1f44b_1f3fd",
"waving_hand_sign_type_5": "1f44b_1f3fe",
"waving_hand_sign_type_6": "1f44b_1f3ff",
"waving_hand": "1f44b",
"wave": "1f44b",
"ok_hand_sign_type_1_2": "1f44c_1f3fb",
"ok_hand_sign_type_3": "1f44c_1f3fc",
"ok_hand_sign_type_4": "1f44c_1f3fd",
"ok_hand_sign_type_5": "1f44c_1f3fe",
"ok_hand_sign_type_6": "1f44c_1f3ff",
"ok_hand": "1f44c",
"thumbs_up_sign_type_1_2": "1f44d_1f3fb",
"thumbs_up_sign_type_3": "1f44d_1f3fc",
"thumbs_up_sign_type_4": "1f44d_1f3fd",
"thumbs_up_sign_type_5": "1f44d_1f3fe",
"thumbs_up_sign_type_6": "1f44d_1f3ff",
"thumbs_up": "1f44d",
"thumbsup": "1f44d",
"thumbs_down_sign_type_1_2": "1f44e_1f3fb",
"thumbs_down_sign_type_3": "1f44e_1f3fc",
"thumbs_down_sign_type_4": "1f44e_1f3fd",
"thumbs_down_sign_type_5": "1f44e_1f3fe",
"thumbs_down_sign_type_6": "1f44e_1f3ff",
"thumbs_down": "1f44e",
"thumbsdown": "1f44e",
"clapping_hands_sign_type_1_2": "1f44f_1f3fb",
"clapping_hands_sign_type_3": "1f44f_1f3fc",
"clapping_hands_sign_type_4": "1f44f_1f3fd",
"clapping_hands_sign_type_5": "1f44f_1f3fe",
"clapping_hands_sign_type_6": "1f44f_1f3ff",
"clapping_hands": "1f44f",
"clap": "1f44f",
"open_hands_sign_type_1_2": "1f450_1f3fb",
"open_hands_sign_type_3": "1f450_1f3fc",
"open_hands_sign_type_4": "1f450_1f3fd",
"open_hands_sign_type_5": "1f450_1f3fe",
"open_hands_sign_type_6": "1f450_1f3ff",
"open_hands": "1f450",
"crown": "1f451",
"womans_hat": "1f452",
"glasses": "1f453",
"eyeglasses": "1f453",
"necktie": "1f454",
"t_shirt": "1f455",
"shirt": "1f455",
"jeans": "1f456",
"dress": "1f457",
"kimono": "1f458",
"bikini": "1f459",
"womans_clothes": "1f45a",
"purse": "1f45b",
"handbag": "1f45c",
"pouch": "1f45d",
"mans_shoe": "1f45e",
"running_shoe": "1f45f",
"high_heeled_shoe": "1f460",
"high_heel": "1f460",
"womans_sandal": "1f461",
"sandal": "1f461",
"womans_boot": "1f462",
"boot": "1f462",
"footprints": "1f463",
"feet": "1f463",
"bust_in_silhouette": "1f464",
"busts_in_silhouette": "1f465",
"boy_type_1_2": "1f466_1f3fb",
"boy_type_3": "1f466_1f3fc",
"boy_type_4": "1f466_1f3fd",
"boy_type_5": "1f466_1f3fe",
"boy_type_6": "1f466_1f3ff",
"boy": "1f466",
"girl_type_1_2": "1f467_1f3fb",
"girl_type_3": "1f467_1f3fc",
"girl_type_4": "1f467_1f3fd",
"girl_type_5": "1f467_1f3fe",
"girl_type_6": "1f467_1f3ff",
"girl": "1f467",
"man_type_1_2": "1f468_1f3fb",
"man_type_3": "1f468_1f3fc",
"man_type_4": "1f468_1f3fd",
"man_type_5": "1f468_1f3fe",
"man_type_6": "1f468_1f3ff",
"family_man_man_boy_boy": "1f468_200d_1f468_200d_1f466_200d_1f466",
"family_man_man_boy": "1f468_200d_1f468_200d_1f466",
"family_man_man_girl_boy": "1f468_200d_1f468_200d_1f467_200d_1f466",
"family_man_man_girl_girl": "1f468_200d_1f468_200d_1f467_200d_1f467",
"family_man_man_girl": "1f468_200d_1f468_200d_1f467",
"family_man_woman_boy_boy": "1f468_200d_1f469_200d_1f466_200d_1f466",
"family_man_woman_boy": "1f468_200d_1f469_200d_1f466",
"family_man_woman_girl_boy": "1f468_200d_1f469_200d_1f467_200d_1f466",
"family_man_woman_girl_girl": "1f468_200d_1f469_200d_1f467_200d_1f467",
"family_man_woman_girl": "1f468_200d_1f469_200d_1f467",
"couple_with_heart_man_man": "1f468_200d_2764_fe0f_200d_1f468",
"kiss_man_man": "1f468_200d_2764_fe0f_200d_1f48b_200d_1f468",
"man": "1f468",
"woman_type_1_2": "1f469_1f3fb",
"woman_type_3": "1f469_1f3fc",
"woman_type_4": "1f469_1f3fd",
"woman_type_5": "1f469_1f3fe",
"woman_type_6": "1f469_1f3ff",
"family_woman_woman_boy_boy": "1f469_200d_1f469_200d_1f466_200d_1f466",
"family_woman_woman_boy": "1f469_200d_1f469_200d_1f466",
"family_woman_woman_girl_boy": "1f469_200d_1f469_200d_1f467_200d_1f466",
"family_woman_woman_girl_girl": "1f469_200d_1f469_200d_1f467_200d_1f467",
"family_woman_woman_girl": "1f469_200d_1f469_200d_1f467",
"couple_with_heart_woman_man": "1f469_200d_2764_fe0f_200d_1f468",
"couple_with_heart_woman_woman": "1f469_200d_2764_fe0f_200d_1f469",
"kiss_woman_man": "1f469_200d_2764_fe0f_200d_1f48b_200d_1f468",
"kiss_woman_woman": "1f469_200d_2764_fe0f_200d_1f48b_200d_1f469",
"woman": "1f469",
"family": "1f46a",
"man_and_woman_holding_hands": "1f46b",
"couple": "1f46b",
"two_men_holding_hands": "1f46c",
"two_women_holding_hands": "1f46d",
"police_officer_type_1_2": "1f46e_1f3fb",
"police_officer_type_3": "1f46e_1f3fc",
"police_officer_type_4": "1f46e_1f3fd",
"police_officer_type_5": "1f46e_1f3fe",
"police_officer_type_6": "1f46e_1f3ff",
"police_officer": "1f46e",
"cop": "1f46e",
"women_partying": "1f46f",
"dancers": "1f46f",
"bride_with_veil_type_1_2": "1f470_1f3fb",
"bride_with_veil_type_3": "1f470_1f3fc",
"bride_with_veil_type_4": "1f470_1f3fd",
"bride_with_veil_type_5": "1f470_1f3fe",
"bride_with_veil_type_6": "1f470_1f3ff",
"bride_with_veil": "1f470",
"person_with_blond_hair_type_1_2": "1f471_1f3fb",
"person_with_blond_hair_type_3": "1f471_1f3fc",
"person_with_blond_hair_type_4": "1f471_1f3fd",
"person_with_blond_hair_type_5": "1f471_1f3fe",
"person_with_blond_hair_type_6": "1f471_1f3ff",
"person_with_blond_hair": "1f471",
"man_with_gua_pi_mao_type_1_2": "1f472_1f3fb",
"man_with_gua_pi_mao_type_3": "1f472_1f3fc",
"man_with_gua_pi_mao_type_4": "1f472_1f3fd",
"man_with_gua_pi_mao_type_5": "1f472_1f3fe",
"man_with_gua_pi_mao_type_6": "1f472_1f3ff",
"man_with_chinese_cap": "1f472",
"man_with_gua_pi_mao": "1f472",
"man_with_turban_type_1_2": "1f473_1f3fb",
"man_with_turban_type_3": "1f473_1f3fc",
"man_with_turban_type_4": "1f473_1f3fd",
"man_with_turban_type_5": "1f473_1f3fe",
"man_with_turban_type_6": "1f473_1f3ff",
"man_with_turban": "1f473",
"older_man_type_1_2": "1f474_1f3fb",
"older_man_type_3": "1f474_1f3fc",
"older_man_type_4": "1f474_1f3fd",
"older_man_type_5": "1f474_1f3fe",
"older_man_type_6": "1f474_1f3ff",
"old_man": "1f474",
"older_man": "1f474",
"older_woman_type_1_2": "1f475_1f3fb",
"older_woman_type_3": "1f475_1f3fc",
"older_woman_type_4": "1f475_1f3fd",
"older_woman_type_5": "1f475_1f3fe",
"older_woman_type_6": "1f475_1f3ff",
"old_woman": "1f475",
"older_woman": "1f475",
"baby_type_1_2": "1f476_1f3fb",
"baby_type_3": "1f476_1f3fc",
"baby_type_4": "1f476_1f3fd",
"baby_type_5": "1f476_1f3fe",
"baby_type_6": "1f476_1f3ff",
"baby": "1f476",
"construction_worker_type_1_2": "1f477_1f3fb",
"construction_worker_type_3": "1f477_1f3fc",
"construction_worker_type_4": "1f477_1f3fd",
"construction_worker_type_5": "1f477_1f3fe",
"construction_worker_type_6": "1f477_1f3ff",
"construction_worker": "1f477",
"princess_type_1_2": "1f478_1f3fb",
"princess_type_3": "1f478_1f3fc",
"princess_type_4": "1f478_1f3fd",
"princess_type_5": "1f478_1f3fe",
"princess_type_6": "1f478_1f3ff",
"princess": "1f478",
"ogre": "1f479",
"japanese_ogre": "1f479",
"goblin": "1f47a",
"japanese_goblin": "1f47a",
"ghost": "1f47b",
"baby_angel_type_1_2": "1f47c_1f3fb",
"baby_angel_type_3": "1f47c_1f3fc",
"baby_angel_type_4": "1f47c_1f3fd",
"baby_angel_type_5": "1f47c_1f3fe",
"baby_angel_type_6": "1f47c_1f3ff",
"baby_angel": "1f47c",
"angel": "1f47c",
"alien": "1f47d",
"alien_monster": "1f47e",
"space_invader": "1f47e",
"imp": "1f47f",
"skull": "1f480",
"information_desk_person_type_1_2": "1f481_1f3fb",
"information_desk_person_type_3": "1f481_1f3fc",
"information_desk_person_type_4": "1f481_1f3fd",
"information_desk_person_type_5": "1f481_1f3fe",
"information_desk_person_type_6": "1f481_1f3ff",
"information_desk_person": "1f481",
"guardsman_type_1_2": "1f482_1f3fb",
"guardsman_type_3": "1f482_1f3fc",
"guardsman_type_4": "1f482_1f3fd",
"guardsman_type_5": "1f482_1f3fe",
"guardsman_type_6": "1f482_1f3ff",
"guardsman": "1f482",
"dancer_type_1_2": "1f483_1f3fb",
"dancer_type_3": "1f483_1f3fc",
"dancer_type_4": "1f483_1f3fd",
"dancer_type_5": "1f483_1f3fe",
"dancer_type_6": "1f483_1f3ff",
"dancer": "1f483",
"lipstick": "1f484",
"nail_polish_type_1_2": "1f485_1f3fb",
"nail_polish_type_3": "1f485_1f3fc",
"nail_polish_type_4": "1f485_1f3fd",
"nail_polish_type_5": "1f485_1f3fe",
"nail_polish_type_6": "1f485_1f3ff",
"nail_polish": "1f485",
"nail_care": "1f485",
"face_massage_type_1_2": "1f486_1f3fb",
"face_massage_type_3": "1f486_1f3fc",
"face_massage_type_4": "1f486_1f3fd",
"face_massage_type_5": "1f486_1f3fe",
"face_massage_type_6": "1f486_1f3ff",
"face_massage": "1f486",
"massage": "1f486",
"haircut_type_1_2": "1f487_1f3fb",
"haircut_type_3": "1f487_1f3fc",
"haircut_type_4": "1f487_1f3fd",
"haircut_type_5": "1f487_1f3fe",
"haircut_type_6": "1f487_1f3ff",
"haircut": "1f487",
"barber_pole": "1f488",
"barber": "1f488",
"syringe": "1f489",
"pill": "1f48a",
"kiss_mark": "1f48b",
"love_letter": "1f48c",
"ring": "1f48d",
"gem_stone": "1f48e",
"gem": "1f48e",
"kiss": "1f48f",
"couplekiss": "1f48f",
"bouquet": "1f490",
"couple_with_heart": "1f491",
"wedding": "1f492",
"beating_heart": "1f493",
"heartbeat": "1f493",
"broken_heart": "1f494",
"two_hearts": "1f495",
"sparkling_heart": "1f496",
"growing_heart": "1f497",
"heartpulse": "1f497",
"heart_with_arrow": "1f498",
"cupid": "1f498",
"blue_heart": "1f499",
"green_heart": "1f49a",
"yellow_heart": "1f49b",
"purple_heart": "1f49c",
"heart_with_ribbon": "1f49d",
"gift_heart": "1f49d",
"revolving_hearts": "1f49e",
"heart_decoration": "1f49f",
"diamond_with_a_dot": "1f4a0",
"diamond_shape_with_a_dot_inside": "1f4a0",
"light_bulb": "1f4a1",
"bulb": "1f4a1",
"anger_symbol": "1f4a2",
"anger": "1f4a2",
"bomb": "1f4a3",
"zzz": "1f4a4",
"collision": "1f4a5",
"boom": "1f4a5",
"sweat_droplets": "1f4a6",
"sweat_drops": "1f4a6",
"droplet": "1f4a7",
"dashing": "1f4a8",
"dash": "1f4a8",
"pile_of_poo": "1f4a9",
"poop": "1f4a9",
"flexed_biceps_type_1_2": "1f4aa_1f3fb",
"flexed_biceps_type_3": "1f4aa_1f3fc",
"flexed_biceps_type_4": "1f4aa_1f3fd",
"flexed_biceps_type_5": "1f4aa_1f3fe",
"flexed_biceps_type_6": "1f4aa_1f3ff",
"flexed_biceps": "1f4aa",
"muscle": "1f4aa",
"dizzy": "1f4ab",
"speech_balloon": "1f4ac",
"thought_balloon": "1f4ad",
"white_flower": "1f4ae",
"hundred_points": "1f4af",
"100": "1f4af",
"money_bag": "1f4b0",
"moneybag": "1f4b0",
"currency_exchange": "1f4b1",
"heavy_dollar_sign": "1f4b2",
"credit_card": "1f4b3",
"yen_banknote": "1f4b4",
"yen": "1f4b4",
"dollar_banknote": "1f4b5",
"dollar": "1f4b5",
"euro_banknote": "1f4b6",
"euro": "1f4b6",
"pound_banknote": "1f4b7",
"pound": "1f4b7",
"money_with_wings": "1f4b8",
"chart_increasing_with_yen": "1f4b9",
"chart": "1f4b9",
"seat": "1f4ba",
"laptop_computer": "1f4bb",
"computer": "1f4bb",
"briefcase": "1f4bc",
"minidisc": "1f4bd",
"floppy_disk": "1f4be",
"optical_disc": "1f4bf",
"cd": "1f4bf",
"dvd": "1f4c0",
"file_folder": "1f4c1",
"open_file_folder": "1f4c2",
"page_with_curl": "1f4c3",
"page_facing_up": "1f4c4",
"calendar": "1f4c5",
"date": "1f4c5",
"tear_off_calendar": "1f4c6",
"card_index": "1f4c7",
"chart_increasing": "1f4c8",
"chart_with_upwards_trend": "1f4c8",
"chart_decreasing": "1f4c9",
"chart_with_downwards_trend": "1f4c9",
"bar_chart": "1f4ca",
"clipboard": "1f4cb",
"pushpin": "1f4cc",
"round_pushpin": "1f4cd",
"paperclip": "1f4ce",
"straight_ruler": "1f4cf",
"triangular_ruler": "1f4d0",
"bookmark_tabs": "1f4d1",
"ledger": "1f4d2",
"notebook": "1f4d3",
"notebook_with_decorative_cover": "1f4d4",
"closed_book": "1f4d5",
"open_book": "1f4d6",
"green_book": "1f4d7",
"blue_book": "1f4d8",
"orange_book": "1f4d9",
"books": "1f4da",
"name_badge": "1f4db",
"scroll": "1f4dc",
"memo": "1f4dd",
"telephone_receiver": "1f4de",
"pager": "1f4df",
"fax_machine": "1f4e0",
"fax": "1f4e0",
"satellite_antenna": "1f4e1",
"loudspeaker": "1f4e2",
"megaphone": "1f4e3",
"mega": "1f4e3",
"outbox_tray": "1f4e4",
"inbox_tray": "1f4e5",
"package": "1f4e6",
"e_mail": "1f4e7",
"incoming_envelope": "1f4e8",
"envelope_with_arrow": "1f4e9",
"closed_mailbox_with_lowered_flag": "1f4ea",
"mailbox_closed": "1f4ea",
"closed_mailbox_with_raised_flag": "1f4eb",
"mailbox": "1f4eb",
"open_mailbox_with_raised_flag": "1f4ec",
"mailbox_with_mail": "1f4ec",
"open_mailbox_with_lowered_flag": "1f4ed",
"mailbox_with_no_mail": "1f4ed",
"postbox": "1f4ee",
"postal_horn": "1f4ef",
"newspaper": "1f4f0",
"mobile_phone": "1f4f1",
"iphone": "1f4f1",
"mobile_phone_with_arrow": "1f4f2",
"calling": "1f4f2",
"vibration_mode": "1f4f3",
"mobile_phone_off": "1f4f4",
"no_mobile_phones": "1f4f5",
"antenna_bars": "1f4f6",
"signal_strength": "1f4f6",
"camera": "1f4f7",
"camera_with_flash": "1f4f8",
"video_camera": "1f4f9",
"television": "1f4fa",
"tv": "1f4fa",
"radio": "1f4fb",
"videocassette": "1f4fc",
"vhs": "1f4fc",
"film_projector": "1f4fd",
"prayer_beads": "1f4ff",
"shuffle_tracks_button": "1f500",
"twisted_rightwards_arrows": "1f500",
"repeat_button": "1f501",
"repeat": "1f501",
"repeat_single_button": "1f502",
"repeat_one": "1f502",
"clockwise_vertical_arrows": "1f503",
"arrows_clockwise": "1f503",
"anticlockwise_arrows_button": "1f504",
"arrows_counterclockwise": "1f504",
"dim_button": "1f505",
"low_brightness": "1f505",
"bright_button": "1f506",
"high_brightness": "1f506",
"speaker_off": "1f507",
"mute": "1f507",
"speaker": "1f508",
"speaker_on": "1f509",
"sound": "1f509",
"speaker_loud": "1f50a",
"battery": "1f50b",
"electric_plug": "1f50c",
"left_pointing_magnifying_glass": "1f50d",
"mag": "1f50d",
"right_pointing_magnifying_glass": "1f50e",
"mag_right": "1f50e",
"lock_with_pen": "1f50f",
"lock_with_ink_pen": "1f50f",
"closed_lock_with_key": "1f510",
"key": "1f511",
"lock": "1f512",
"open_lock": "1f513",
"unlock": "1f513",
"bell": "1f514",
"bell_with_slash": "1f515",
"no_bell": "1f515",
"bookmark": "1f516",
"link": "1f517",
"radio_button": "1f518",
"back_arrow": "1f519",
"end_arrow": "1f51a",
"end": "1f51a",
"onexc_arrow": "1f51b",
"on": "1f51b",
"soon_arrow": "1f51c",
"soon": "1f51c",
"top_arrow": "1f51d",
"top": "1f51d",
"no_one_under_eighteen": "1f51e",
"underage": "1f51e",
"keycap_ten": "1f51f",
"input_latin_uppercase": "1f520",
"capital_abcd": "1f520",
"input_latin_lowercase": "1f521",
"abcd": "1f521",
"input_numbers": "1f522",
"1234": "1f522",
"input_symbols": "1f523",
"symbols": "1f523",
"input_latin_letters": "1f524",
"abc": "1f524",
"fire": "1f525",
"flashlight": "1f526",
"wrench": "1f527",
"hammer": "1f528",
"nut_and_bolt": "1f529",
"kitchen_knife": "1f52a",
"hocho": "1f52a",
"pistol": "1f52b",
"gun": "1f52b",
"microscope": "1f52c",
"telescope": "1f52d",
"crystal_ball": "1f52e",
"dotted_six_pointed_star": "1f52f",
"six_pointed_star": "1f52f",
"japanese_symbol_for_beginner": "1f530",
"beginner": "1f530",
"trident_emblem": "1f531",
"trident": "1f531",
"black_square_button": "1f532",
"white_square_button": "1f533",
"red_circle": "1f534",
"blue_circle": "1f535",
"large_blue_circle": "1f535",
"large_orange_diamond": "1f536",
"large_blue_diamond": "1f537",
"small_orange_diamond": "1f538",
"small_blue_diamond": "1f539",
"red_triangle_pointed_up": "1f53a",
"small_red_triangle": "1f53a",
"red_triangle_pointed_down": "1f53b",
"small_red_triangle_down": "1f53b",
"up_button": "1f53c",
"arrow_up_small": "1f53c",
"down_button": "1f53d",
"arrow_down_small": "1f53d",
"om": "1f549",
"dove": "1f54a",
"kaaba": "1f54b",
"mosque": "1f54c",
"synagogue": "1f54d",
"menorah": "1f54e",
"one_oclock": "1f550",
"clock1": "1f550",
"two_oclock": "1f551",
"clock2": "1f551",
"three_oclock": "1f552",
"clock3": "1f552",
"four_oclock": "1f553",
"clock4": "1f553",
"five_oclock": "1f554",
"clock5": "1f554",
"six_oclock": "1f555",
"clock6": "1f555",
"seven_oclock": "1f556",
"clock7": "1f556",
"eight_oclock": "1f557",
"clock8": "1f557",
"nine_oclock": "1f558",
"clock9": "1f558",
"ten_oclock": "1f559",
"clock10": "1f559",
"eleven_oclock": "1f55a",
"clock11": "1f55a",
"twelve_oclock": "1f55b",
"clock12": "1f55b",
"one_thirty": "1f55c",
"clock130": "1f55c",
"two_thirty": "1f55d",
"clock230": "1f55d",
"three_thirty": "1f55e",
"clock330": "1f55e",
"four_thirty": "1f55f",
"clock430": "1f55f",
"five_thirty": "1f560",
"clock530": "1f560",
"six_thirty": "1f561",
"clock630": "1f561",
"seven_thirty": "1f562",
"clock730": "1f562",
"eight_thirty": "1f563",
"clock830": "1f563",
"nine_thirty": "1f564",
"clock930": "1f564",
"ten_thirty": "1f565",
"clock1030": "1f565",
"eleven_thirty": "1f566",
"clock1130": "1f566",
"twelve_thirty": "1f567",
"clock1230": "1f567",
"candle": "1f56f",
"mantelpiece_clock": "1f570",
"hole": "1f573",
"man_in_business_suit_levitating": "1f574",
"sleuth_or_spy_type_1_2": "1f575_1f3fb",
"sleuth_or_spy_type_3": "1f575_1f3fc",
"sleuth_or_spy_type_4": "1f575_1f3fd",
"sleuth_or_spy_type_5": "1f575_1f3fe",
"sleuth_or_spy_type_6": "1f575_1f3ff",
"detective": "1f575",
"sunglasses": "1f576",
"spider": "1f577",
"spider_web": "1f578",
"joystick": "1f579",
"man_dancing_type_1_2": "1f57a_1f3fb",
"man_dancing_type_3": "1f57a_1f3fc",
"man_dancing_type_4": "1f57a_1f3fd",
"man_dancing_type_5": "1f57a_1f3fe",
"man_dancing_type_6": "1f57a_1f3ff",
"man_dancing": "1f57a",
"linked_paperclips": "1f587",
"pen": "1f58a",
"fountain_pen": "1f58b",
"paintbrush": "1f58c",
"crayon": "1f58d",
"raised_hand_with_fingers_splayed_type_1_2": "1f590_1f3fb",
"raised_hand_with_fingers_splayed_type_3": "1f590_1f3fc",
"raised_hand_with_fingers_splayed_type_4": "1f590_1f3fd",
"raised_hand_with_fingers_splayed_type_5": "1f590_1f3fe",
"raised_hand_with_fingers_splayed_type_6": "1f590_1f3ff",
"raised_hand_with_fingers_splayed": "1f590",
"reversed_hand_with_middle_finger_extended_type_1_2": "1f595_1f3fb",
"reversed_hand_with_middle_finger_extended_type_3": "1f595_1f3fc",
"reversed_hand_with_middle_finger_extended_type_4": "1f595_1f3fd",
"reversed_hand_with_middle_finger_extended_type_5": "1f595_1f3fe",
"reversed_hand_with_middle_finger_extended_type_6": "1f595_1f3ff",
"middle_finger": "1f595",
"raised_hand_with_part_between_middle_and_ring_fingers_type_1_2": "1f596_1f3fb",
"raised_hand_with_part_between_middle_and_ring_fingers_type_3": "1f596_1f3fc",
"raised_hand_with_part_between_middle_and_ring_fingers_type_4": "1f596_1f3fd",
"raised_hand_with_part_between_middle_and_ring_fingers_type_5": "1f596_1f3fe",
"raised_hand_with_part_between_middle_and_ring_fingers_type_6": "1f596_1f3ff",
"vulcan_salute": "1f596",
"black_heart": "1f5a4",
"desktop_computer": "1f5a5",
"printer": "1f5a8",
"computer_mouse": "1f5b1",
"trackball": "1f5b2",
"frame_with_picture": "1f5bc",
"card_index_dividers": "1f5c2",
"card_file_box": "1f5c3",
"file_cabinet": "1f5c4",
"wastebasket": "1f5d1",
"spiral_notepad": "1f5d2",
"spiral_calendar": "1f5d3",
"compression": "1f5dc",
"old_key": "1f5dd",
"rolled_up_newspaper": "1f5de",
"dagger": "1f5e1",
"speaking_head": "1f5e3",
"left_speech_bubble": "1f5e8",
"right_anger_bubble": "1f5ef",
"ballot_box_with_ballot": "1f5f3",
"world_map": "1f5fa",
"mount_fuji": "1f5fb",
"tokyo_tower": "1f5fc",
"statue_of_liberty": "1f5fd",
"map_of_japan": "1f5fe",
"japan": "1f5fe",
"moai": "1f5ff",
"moyai": "1f5ff",
"grinning_face": "1f600",
"grinning": "1f600",
"grinning_face_with_smiling_eyes": "1f601",
"grin": "1f601",
"face_with_tears_of_joy": "1f602",
"joy": "1f602",
"smiling_face_with_open_mouth": "1f603",
"smiley": "1f603",
"smiling_face_with_open_mouth_and_smiling_eyes": "1f604",
"smile": "1f604",
"smiling_face_with_open_mouth_and_cold_sweat": "1f605",
"sweat_smile": "1f605",
"smiling_face_with_open_mouth_and_tightly_closed_eyes": "1f606",
"laughing": "1f606",
"smiling_face_with_halo": "1f607",
"innocent": "1f607",
"smiling_face_with_horns": "1f608",
"smiling_imp": "1f608",
"winking_face": "1f609",
"wink": "1f609",
"smiling_face_with_smiling_eyes": "1f60a",
"blush": "1f60a",
"face_savouring_delicious_food": "1f60b",
"yum": "1f60b",
"relieved_face": "1f60c",
"satisfied": "1f60c",
"smiling_face_with_heart_shaped_eyes": "1f60d",
"heart_eyes": "1f60d",
"smiling_face_with_sunglasses": "1f60e",
"smirking_face": "1f60f",
"smirk": "1f60f",
"neutral_face": "1f610",
"expressionless_face": "1f611",
"expressionless": "1f611",
"unamused_face": "1f612",
"unamused": "1f612",
"face_with_cold_sweat": "1f613",
"sweat": "1f613",
"pensive_face": "1f614",
"pensive": "1f614",
"confused_face": "1f615",
"confused": "1f615",
"confounded_face": "1f616",
"confounded": "1f616",
"kissing_face": "1f617",
"kissing": "1f617",
"face_throwing_a_kiss": "1f618",
"kissing_heart": "1f618",
"kissing_face_with_smiling_eyes": "1f619",
"kissing_smiling_eyes": "1f619",
"kissing_face_with_closed_eyes": "1f61a",
"kissing_closed_eyes": "1f61a",
"face_with_stuck_out_tongue": "1f61b",
"stuck_out_tongue": "1f61b",
"face_with_stuck_out_tongue_and_winking_eye": "1f61c",
"stuck_out_tongue_winking_eye": "1f61c",
"face_with_stuck_out_tongue_and_tightly_closed_eyes": "1f61d",
"stuck_out_tongue_closed_eyes": "1f61d",
"disappointed_face": "1f61e",
"disappointed": "1f61e",
"worried_face": "1f61f",
"worried": "1f61f",
"angry_face": "1f620",
"angry": "1f620",
"pouting_face": "1f621",
"rage": "1f621",
"crying_face": "1f622",
"cry": "1f622",
"persevering_face": "1f623",
"persevere": "1f623",
"face_with_steam_from_nose": "1f624",
"triumph": "1f624",
"disappointed_but_relieved_face": "1f625",
"relieved": "1f625",
"frowning_face_with_open_mouth": "1f626",
"frowning": "1f626",
"anguished_face": "1f627",
"anguished": "1f627",
"fearful_face": "1f628",
"fearful": "1f628",
"weary_face": "1f629",
"weary": "1f629",
"sleepy_face": "1f62a",
"sleepy": "1f62a",
"tired_face": "1f62b",
"grimacing_face": "1f62c",
"grimacing": "1f62c",
"loudly_crying_face": "1f62d",
"sob": "1f62d",
"face_with_open_mouth": "1f62e",
"open_mouth": "1f62e",
"hushed_face": "1f62f",
"hushed": "1f62f",
"face_with_open_mouth_and_cold_sweat": "1f630",
"cold_sweat": "1f630",
"face_screaming_in_fear": "1f631",
"scream": "1f631",
"astonished_face": "1f632",
"astonished": "1f632",
"flushed_face": "1f633",
"flushed": "1f633",
"sleeping_face": "1f634",
"sleeping": "1f634",
"dizzy_face": "1f635",
"face_without_mouth": "1f636",
"no_mouth": "1f636",
"face_with_medical_mask": "1f637",
"mask": "1f637",
"grinning_cat_face_with_smiling_eyes": "1f638",
"smile_cat": "1f638",
"cat_face_with_tears_of_joy": "1f639",
"joy_cat": "1f639",
"smiling_cat_face_with_open_mouth": "1f63a",
"smiley_cat": "1f63a",
"smiling_cat_face_with_heart_shaped_eyes": "1f63b",
"heart_eyes_cat": "1f63b",
"cat_face_with_wry_smile": "1f63c",
"smirk_cat": "1f63c",
"kissing_cat_face_with_closed_eyes": "1f63d",
"kissing_cat": "1f63d",
"pouting_cat_face": "1f63e",
"pouting_cat": "1f63e",
"crying_cat_face": "1f63f",
"weary_cat_face": "1f640",
"scream_cat": "1f640",
"slightly_frowning_face": "1f641",
"slightly_smiling_face": "1f642",
"upside_down_face": "1f643",
"face_with_rolling_eyes": "1f644",
"face_with_no_good_gesture_type_1_2": "1f645_1f3fb",
"face_with_no_good_gesture_type_3": "1f645_1f3fc",
"face_with_no_good_gesture_type_4": "1f645_1f3fd",
"face_with_no_good_gesture_type_5": "1f645_1f3fe",
"face_with_no_good_gesture_type_6": "1f645_1f3ff",
"gesturing_no": "1f645",
"no_good": "1f645",
"face_with_ok_gesture_type_1_2": "1f646_1f3fb",
"face_with_ok_gesture_type_3": "1f646_1f3fc",
"face_with_ok_gesture_type_4": "1f646_1f3fd",
"face_with_ok_gesture_type_5": "1f646_1f3fe",
"face_with_ok_gesture_type_6": "1f646_1f3ff",
"gesturing_ok": "1f646",
"ok_woman": "1f646",
"person_bowing_deeply_type_1_2": "1f647_1f3fb",
"person_bowing_deeply_type_3": "1f647_1f3fc",
"person_bowing_deeply_type_4": "1f647_1f3fd",
"person_bowing_deeply_type_5": "1f647_1f3fe",
"person_bowing_deeply_type_6": "1f647_1f3ff",
"person_bowing": "1f647",
"bow": "1f647",
"see_no_evil": "1f648",
"hear_no_evil": "1f649",
"speak_no_evil": "1f64a",
"happy_person_raising_one_hand_type_1_2": "1f64b_1f3fb",
"happy_person_raising_one_hand_type_3": "1f64b_1f3fc",
"happy_person_raising_one_hand_type_4": "1f64b_1f3fd",
"happy_person_raising_one_hand_type_5": "1f64b_1f3fe",
"happy_person_raising_one_hand_type_6": "1f64b_1f3ff",
"happy_person_raising_hand": "1f64b",
"happy_person_raised_hand": "1f64b",
"person_raising_both_hands_in_celebration_type_1_2": "1f64c_1f3fb",
"person_raising_both_hands_in_celebration_type_3": "1f64c_1f3fc",
"person_raising_both_hands_in_celebration_type_4": "1f64c_1f3fd",
"person_raising_both_hands_in_celebration_type_5": "1f64c_1f3fe",
"person_raising_both_hands_in_celebration_type_6": "1f64c_1f3ff",
"person_raising_hands": "1f64c",
"raised_hands": "1f64c",
"person_frowning_type_1_2": "1f64d_1f3fb",
"person_frowning_type_3": "1f64d_1f3fc",
"person_frowning_type_4": "1f64d_1f3fd",
"person_frowning_type_5": "1f64d_1f3fe",
"person_frowning_type_6": "1f64d_1f3ff",
"person_frowning": "1f64d",
"person_with_pouting_face_type_1_2": "1f64e_1f3fb",
"person_with_pouting_face_type_3": "1f64e_1f3fc",
"person_with_pouting_face_type_4": "1f64e_1f3fd",
"person_with_pouting_face_type_5": "1f64e_1f3fe",
"person_with_pouting_face_type_6": "1f64e_1f3ff",
"person_pouting": "1f64e",
"person_with_pouting_face": "1f64e",
"person_with_folded_hands_type_1_2": "1f64f_1f3fb",
"person_with_folded_hands_type_3": "1f64f_1f3fc",
"person_with_folded_hands_type_4": "1f64f_1f3fd",
"person_with_folded_hands_type_5": "1f64f_1f3fe",
"person_with_folded_hands_type_6": "1f64f_1f3ff",
"folded_hands": "1f64f",
"pray": "1f64f",
"rocket": "1f680",
"helicopter": "1f681",
"locomotive": "1f682",
"steam_locomotive": "1f682",
"railway_car": "1f683",
"high_speed_train": "1f684",
"bullettrain_side": "1f684",
"high_speed_train_with_bullet_nose": "1f685",
"bullettrain_front": "1f685",
"train": "1f686",
"train2": "1f686",
"metro": "1f687",
"light_rail": "1f688",
"station": "1f689",
"tram": "1f68a",
"tram_car": "1f68b",
"bus": "1f68c",
"oncoming_bus": "1f68d",
"trolleybus": "1f68e",
"bus_stop": "1f68f",
"busstop": "1f68f",
"minibus": "1f690",
"ambulance": "1f691",
"fire_engine": "1f692",
"police_car": "1f693",
"oncoming_police_car": "1f694",
"taxi": "1f695",
"oncoming_taxi": "1f696",
"automobile": "1f697",
"car": "1f697",
"oncoming_automobile": "1f698",
"recreational_vehicle": "1f699",
"blue_car": "1f699",
"delivery_truck": "1f69a",
"truck": "1f69a",
"articulated_lorry": "1f69b",
"tractor": "1f69c",
"monorail": "1f69d",
"mountain_railway": "1f69e",
"suspension_railway": "1f69f",
"mountain_cableway": "1f6a0",
"aerial_tramway": "1f6a1",
"ship": "1f6a2",
"rowboat_type_1_2": "1f6a3_1f3fb",
"rowboat_type_3": "1f6a3_1f3fc",
"rowboat_type_4": "1f6a3_1f3fd",
"rowboat_type_5": "1f6a3_1f3fe",
"rowboat_type_6": "1f6a3_1f3ff",
"rowboat": "1f6a3",
"speedboat": "1f6a4",
"horizontal_traffic_light": "1f6a5",
"traffic_light": "1f6a5",
"vertical_traffic_light": "1f6a6",
"construction": "1f6a7",
"police_cars_light": "1f6a8",
"rotating_light": "1f6a8",
"triangular_flag": "1f6a9",
"triangular_flag_on_post": "1f6a9",
"door": "1f6aa",
"prohibited": "1f6ab",
"no_entry_sign": "1f6ab",
"smoking": "1f6ac",
"no_smoking": "1f6ad",
"litter_in_bin_sign": "1f6ae",
"put_litter_in_its_place": "1f6ae",
"no_littering": "1f6af",
"do_not_litter": "1f6af",
"potable_water": "1f6b0",
"non_potable_water": "1f6b1",
"bicycle": "1f6b2",
"bike": "1f6b2",
"no_bicycles": "1f6b3",
"bicyclist_type_1_2": "1f6b4_1f3fb",
"bicyclist_type_3": "1f6b4_1f3fc",
"bicyclist_type_4": "1f6b4_1f3fd",
"bicyclist_type_5": "1f6b4_1f3fe",
"bicyclist_type_6": "1f6b4_1f3ff",
"bicyclist": "1f6b4",
"mountain_bicyclist_type_1_2": "1f6b5_1f3fb",
"mountain_bicyclist_type_3": "1f6b5_1f3fc",
"mountain_bicyclist_type_4": "1f6b5_1f3fd",
"mountain_bicyclist_type_5": "1f6b5_1f3fe",
"mountain_bicyclist_type_6": "1f6b5_1f3ff",
"mountain_biker": "1f6b5",
"mountain_bicyclist": "1f6b5",
"pedestrian_type_1_2": "1f6b6_1f3fb",
"pedestrian_type_3": "1f6b6_1f3fc",
"pedestrian_type_4": "1f6b6_1f3fd",
"pedestrian_type_5": "1f6b6_1f3fe",
"pedestrian_type_6": "1f6b6_1f3ff",
"pedestrian": "1f6b6",
"walking": "1f6b6",
"no_pedestrians": "1f6b7",
"children_crossing": "1f6b8",
"mens_room": "1f6b9",
"mens": "1f6b9",
"womens_room": "1f6ba",
"womens": "1f6ba",
"restroom": "1f6bb",
"baby_symbol": "1f6bc",
"toilet": "1f6bd",
"water_closet": "1f6be",
"wc": "1f6be",
"shower": "1f6bf",
"bath_type_1_2": "1f6c0_1f3fb",
"bath_type_3": "1f6c0_1f3fc",
"bath_type_4": "1f6c0_1f3fd",
"bath_type_5": "1f6c0_1f3fe",
"bath_type_6": "1f6c0_1f3ff",
"person_taking_bath": "1f6c0",
"bath": "1f6c0",
"bathtub": "1f6c1",
"passport_control": "1f6c2",
"customs": "1f6c3",
"baggage_claim": "1f6c4",
"left_luggage": "1f6c5",
"couch_and_lamp": "1f6cb",
"person_in_bed": "1f6cc",
"shopping_bags": "1f6cd",
"bellhop_bell": "1f6ce",
"bed": "1f6cf",
"place_of_worship": "1f6d0",
"octagonal_sign": "1f6d1",
"shopping_trolley": "1f6d2",
"hammer_and_wrench": "1f6e0",
"shield": "1f6e1",
"oil_drum": "1f6e2",
"motorway": "1f6e3",
"railway_track": "1f6e4",
"motor_boat": "1f6e5",
"small_airplane": "1f6e9",
"airplane_departure": "1f6eb",
"airplane_arrival": "1f6ec",
"satellite": "1f6f0",
"passenger_ship": "1f6f3",
"scooter": "1f6f4",
"motor_scooter": "1f6f5",
"canoe": "1f6f6",
"zipper_mouth_face": "1f910",
"money_mouth_face": "1f911",
"face_with_thermometer": "1f912",
"nerd_face": "1f913",
"thinking_face": "1f914",
"face_with_head_bandage": "1f915",
"robot_face": "1f916",
"hugging_face": "1f917",
"sign_of_the_horns_type_1_2": "1f918_1f3fb",
"sign_of_the_horns_type_3": "1f918_1f3fc",
"sign_of_the_horns_type_4": "1f918_1f3fd",
"sign_of_the_horns_type_5": "1f918_1f3fe",
"sign_of_the_horns_type_6": "1f918_1f3ff",
"sign_of_the_horns": "1f918",
"call_me_hand_type_1_2": "1f919_1f3fb",
"call_me_hand_type_3": "1f919_1f3fc",
"call_me_hand_type_4": "1f919_1f3fd",
"call_me_hand_type_5": "1f919_1f3fe",
"call_me_hand_type_6": "1f919_1f3ff",
"call_me_hand": "1f919",
"raised_back_of_hand_type_1_2": "1f91a_1f3fb",
"raised_back_of_hand_type_3": "1f91a_1f3fc",
"raised_back_of_hand_type_4": "1f91a_1f3fd",
"raised_back_of_hand_type_5": "1f91a_1f3fe",
"raised_back_of_hand_type_6": "1f91a_1f3ff",
"raised_back_of_hand": "1f91a",
"left_facing_fist_type_1_2": "1f91b_1f3fb",
"left_facing_fist_type_3": "1f91b_1f3fc",
"left_facing_fist_type_4": "1f91b_1f3fd",
"left_facing_fist_type_5": "1f91b_1f3fe",
"left_facing_fist_type_6": "1f91b_1f3ff",
"left_facing_fist": "1f91b",
"right_facing_fist_type_1_2": "1f91c_1f3fb",
"right_facing_fist_type_3": "1f91c_1f3fc",
"right_facing_fist_type_4": "1f91c_1f3fd",
"right_facing_fist_type_5": "1f91c_1f3fe",
"right_facing_fist_type_6": "1f91c_1f3ff",
"right_facing_fist": "1f91c",
"handshake_type_1_2": "1f91d_1f3fb",
"handshake_type_3": "1f91d_1f3fc",
"handshake_type_4": "1f91d_1f3fd",
"handshake_type_5": "1f91d_1f3fe",
"handshake_type_6": "1f91d_1f3ff",
"handshake": "1f91d",
"hand_with_index_and_middle_fingers_crossed_type_1_2": "1f91e_1f3fb",
"hand_with_index_and_middle_fingers_crossed_type_3": "1f91e_1f3fc",
"hand_with_index_and_middle_fingers_crossed_type_4": "1f91e_1f3fd",
"hand_with_index_and_middle_fingers_crossed_type_5": "1f91e_1f3fe",
"hand_with_index_and_middle_fingers_crossed_type_6": "1f91e_1f3ff",
"hand_with_index_and_middle_fingers_crossed": "1f91e",
"face_with_cowboy_hat": "1f920",
"clown_face": "1f921",
"nauseated_face": "1f922",
"rolling_on_the_floor_laughing": "1f923",
"drooling_face": "1f924",
"lying_face": "1f925",
"face_palm_type_1_2": "1f926_1f3fb",
"face_palm_type_3": "1f926_1f3fc",
"face_palm_type_4": "1f926_1f3fd",
"face_palm_type_5": "1f926_1f3fe",
"face_palm_type_6": "1f926_1f3ff",
"face_palm": "1f926",
"sneezing_face": "1f927",
"pregnant_woman_type_1_2": "1f930_1f3fb",
"pregnant_woman_type_3": "1f930_1f3fc",
"pregnant_woman_type_4": "1f930_1f3fd",
"pregnant_woman_type_5": "1f930_1f3fe",
"pregnant_woman_type_6": "1f930_1f3ff",
"pregnant_woman": "1f930",
"selfie_type_1_2": "1f933_1f3fb",
"selfie_type_3": "1f933_1f3fc",
"selfie_type_4": "1f933_1f3fd",
"selfie_type_5": "1f933_1f3fe",
"selfie_type_6": "1f933_1f3ff",
"selfie": "1f933",
"prince_type_1_2": "1f934_1f3fb",
"prince_type_3": "1f934_1f3fc",
"prince_type_4": "1f934_1f3fd",
"prince_type_5": "1f934_1f3fe",
"prince_type_6": "1f934_1f3ff",
"prince": "1f934",
"man_in_tuxedo_type_1_2": "1f935_1f3fb",
"man_in_tuxedo_type_3": "1f935_1f3fc",
"man_in_tuxedo_type_4": "1f935_1f3fd",
"man_in_tuxedo_type_5": "1f935_1f3fe",
"man_in_tuxedo_type_6": "1f935_1f3ff",
"man_in_tuxedo": "1f935",
"mother_christmas_type_1_2": "1f936_1f3fb",
"mother_christmas_type_3": "1f936_1f3fc",
"mother_christmas_type_4": "1f936_1f3fd",
"mother_christmas_type_5": "1f936_1f3fe",
"mother_christmas_type_6": "1f936_1f3ff",
"mother_christmas": "1f936",
"shrug_type_1_2": "1f937_1f3fb",
"shrug_type_3": "1f937_1f3fc",
"shrug_type_4": "1f937_1f3fd",
"shrug_type_5": "1f937_1f3fe",
"shrug_type_6": "1f937_1f3ff",
"shrug": "1f937",
"person_doing_cartwheel_type_1_2": "1f938_1f3fb",
"person_doing_cartwheel_type_3": "1f938_1f3fc",
"person_doing_cartwheel_type_4": "1f938_1f3fd",
"person_doing_cartwheel_type_5": "1f938_1f3fe",
"person_doing_cartwheel_type_6": "1f938_1f3ff",
"person_doing_cartwheel": "1f938",
"juggling_type_1_2": "1f939_1f3fb",
"juggling_type_3": "1f939_1f3fc",
"juggling_type_4": "1f939_1f3fd",
"juggling_type_5": "1f939_1f3fe",
"juggling_type_6": "1f939_1f3ff",
"juggling": "1f939",
"fencer": "1f93a",
"wrestlers_type_1_2": "1f93c_1f3fb",
"wrestlers_type_3": "1f93c_1f3fc",
"wrestlers_type_4": "1f93c_1f3fd",
"wrestlers_type_5": "1f93c_1f3fe",
"wrestlers_type_6": "1f93c_1f3ff",
"wrestlers": "1f93c",
"water_polo_type_1_2": "1f93d_1f3fb",
"water_polo_type_3": "1f93d_1f3fc",
"water_polo_type_4": "1f93d_1f3fd",
"water_polo_type_5": "1f93d_1f3fe",
"water_polo_type_6": "1f93d_1f3ff",
"water_polo": "1f93d",
"handball_type_1_2": "1f93e_1f3fb",
"handball_type_3": "1f93e_1f3fc",
"handball_type_4": "1f93e_1f3fd",
"handball_type_5": "1f93e_1f3fe",
"handball_type_6": "1f93e_1f3ff",
"handball": "1f93e",
"wilted_flower": "1f940",
"drum_with_drumsticks": "1f941",
"clinking_glasses": "1f942",
"tumbler_glass": "1f943",
"spoon": "1f944",
"goal_net": "1f945",
"first_place_medal": "1f947",
"second_place_medal": "1f948",
"third_place_medal": "1f949",
"boxing_glove": "1f94a",
"martial_arts_uniform": "1f94b",
"croissant": "1f950",
"avocado": "1f951",
"cucumber": "1f952",
"bacon": "1f953",
"potato": "1f954",
"carrot": "1f955",
"baguette_bread": "1f956",
"green_salad": "1f957",
"shallow_pan_of_food": "1f958",
"stuffed_flatbread": "1f959",
"egg": "1f95a",
"glass_of_milk": "1f95b",
"peanuts": "1f95c",
"kiwifruit": "1f95d",
"pancakes": "1f95e",
"crab": "1f980",
"lion_face": "1f981",
"scorpion": "1f982",
"turkey": "1f983",
"unicorn_face": "1f984",
"eagle": "1f985",
"duck": "1f986",
"bat": "1f987",
"shark": "1f988",
"owl": "1f989",
"fox_face": "1f98a",
"butterfly": "1f98b",
"deer": "1f98c",
"gorilla": "1f98d",
"lizard": "1f98e",
"rhinoceros": "1f98f",
"shrimp": "1f990",
"squid": "1f991",
"cheese_wedge": "1f9c0",
"double_exclamation_mark": "203c",
"bangbang": "203c",
"exclamation_question_mark": "2049",
"interrobang": "2049",
"trade_mark": "2122",
"tm": "2122",
"information_source": "2139",
"left_right_arrow": "2194",
"up_down_arrow": "2195",
"arrow_up_down": "2195",
"up_left_arrow": "2196",
"arrow_upper_left": "2196",
"up_right_arrow": "2197",
"arrow_upper_right": "2197",
"down_right_arrow": "2198",
"arrow_lower_right": "2198",
"down_left_arrow": "2199",
"arrow_lower_left": "2199",
"right_arrow_curving_left": "21a9",
"leftwards_arrow_with_hook": "21a9",
"left_arrow_curving_right": "21aa",
"arrow_right_hook": "21aa",
"hash": "23_20e3",
"watch": "231a",
"hourglass": "231b",
"keyboard": "2328",
"eject_button": "23cf",
"fast_forword_button": "23e9",
"fast_forward": "23e9",
"fast_reverse_button": "23ea",
"rewind": "23ea",
"fast_up_button": "23eb",
"arrow_double_up": "23eb",
"fast_down_button": "23ec",
"arrow_double_down": "23ec",
"next_track_button": "23ed",
"last_track_button": "23ee",
"play_or_pause_button": "23ef",
"alarm_clock": "23f0",
"stopwatch": "23f1",
"timer_clock": "23f2",
"hourglass_with_flowing_sand": "23f3",
"hourglass_flowing_sand": "23f3",
"pause_button": "23f8",
"stop_button": "23f9",
"record_button": "23fa",
"circled_letter_m": "24c2",
"m": "24c2",
"black_small_square": "25aa",
"white_small_square": "25ab",
"play_button": "25b6",
"arrow_forward": "25b6",
"reverse_button": "25c0",
"arrow_backward": "25c0",
"white_medium_square": "25fb",
"black_medium_square": "25fc",
"white_medium_small_square": "25fd",
"black_medium_small_square": "25fe",
"sun": "2600",
"sunny": "2600",
"cloud": "2601",
"umbrella": "2602",
"snowman": "2603",
"comet": "2604",
"telephone": "260e",
"phone": "260e",
"ballot_box_with_check": "2611",
"umbrella_with_rain_drops": "2614",
"hot_beverage": "2615",
"coffee": "2615",
"shamrock": "2618",
"white_up_pointing_index_type_1_2": "261d_1f3fb",
"white_up_pointing_index_type_3": "261d_1f3fc",
"white_up_pointing_index_type_4": "261d_1f3fd",
"white_up_pointing_index_type_5": "261d_1f3fe",
"white_up_pointing_index_type_6": "261d_1f3ff",
"index_pointing_up": "261d",
"point_up": "261d",
"skull_and_crossbones": "2620",
"radioactive": "2622",
"biohazard": "2623",
"orthodox_cross": "2626",
"star_and_crescent": "262a",
"peace_symbol": "262e",
"yin_yang": "262f",
"wheel_of_dharma": "2638",
"frowning_face": "2639",
"smiling_face": "263a",
"relaxed": "263a",
"aries": "2648",
"taurus": "2649",
"gemini": "264a",
"cancer": "264b",
"leo": "264c",
"virgo": "264d",
"libra": "264e",
"scorpius": "264f",
"sagittarius": "2650",
"capricorn": "2651",
"aquarius": "2652",
"pisces": "2653",
"spade_suit": "2660",
"spades": "2660",
"club_suit": "2663",
"clubs": "2663",
"heart_suit": "2665",
"hearts": "2665",
"diamond_suit": "2666",
"diamonds": "2666",
"hot_springs": "2668",
"hotsprings": "2668",
"recycling_symbol": "267b",
"recycle": "267b",
"wheelchair": "267f",
"hammer_and_pick": "2692",
"anchor": "2693",
"crossed_swords": "2694",
"balance_scale": "2696",
"alembic": "2697",
"gear": "2699",
"atom_symbol": "269b",
"fleur_de_lis": "269c",
"warning": "26a0",
"high_voltage": "26a1",
"zap": "26a1",
"white_circle": "26aa",
"black_circle": "26ab",
"coffin": "26b0",
"funeral_urn": "26b1",
"soccer_ball": "26bd",
"soccer": "26bd",
"baseball": "26be",
"snowman_without_snow": "26c4",
"sun_behind_cloud": "26c5",
"partly_sunny": "26c5",
"cloud_with_lightning_and_rain": "26c8",
"ophiuchus": "26ce",
"pick": "26cf",
"helmet_with_white_cross": "26d1",
"chains": "26d3",
"no_entry": "26d4",
"shinto_shrine": "26e9",
"church": "26ea",
"mountain": "26f0",
"umbrella_on_ground": "26f1",
"fountain": "26f2",
"flag_in_hole": "26f3",
"golf": "26f3",
"ferry": "26f4",
"sailboat": "26f5",
"boat": "26f5",
"skier": "26f7",
"ice_skate": "26f8",
"person_with_ball_type_1_2": "26f9_1f3fb",
"person_with_ball_type_3": "26f9_1f3fc",
"person_with_ball_type_4": "26f9_1f3fd",
"person_with_ball_type_5": "26f9_1f3fe",
"person_with_ball_type_6": "26f9_1f3ff",
"person_with_ball": "26f9",
"tent": "26fa",
"fuel_pump": "26fd",
"fuelpump": "26fd",
"scissors": "2702",
"white_heavy_check_mark": "2705",
"white_check_mark": "2705",
"airplane": "2708",
"envelope": "2709",
"email": "2709",
"raised_fist_type_1_2": "270a_1f3fb",
"raised_fist_type_3": "270a_1f3fc",
"raised_fist_type_4": "270a_1f3fd",
"raised_fist_type_5": "270a_1f3fe",
"raised_fist_type_6": "270a_1f3ff",
"raised_fist": "270a",
"fist": "270a",
"raised_hand_type_1_2": "270b_1f3fb",
"raised_hand_type_3": "270b_1f3fc",
"raised_hand_type_4": "270b_1f3fd",
"raised_hand_type_5": "270b_1f3fe",
"raised_hand_type_6": "270b_1f3ff",
"raised_hand": "270b",
"hand": "270b",
"victory_hand_type_1_2": "270c_1f3fb",
"victory_hand_type_3": "270c_1f3fc",
"victory_hand_type_4": "270c_1f3fd",
"victory_hand_type_5": "270c_1f3fe",
"victory_hand_type_6": "270c_1f3ff",
"victory_hand": "270c",
"v": "270c",
"writing_hand_type_1_2": "270d_1f3fb",
"writing_hand_type_3": "270d_1f3fc",
"writing_hand_type_4": "270d_1f3fd",
"writing_hand_type_5": "270d_1f3fe",
"writing_hand_type_6": "270d_1f3ff",
"writing_hand": "270d",
"pencil": "270f",
"pencil2": "270f",
"black_nib": "2712",
"heavy_check_mark": "2714",
"heavy_multiplication_x": "2716",
"latin_cross": "271d",
"star_of_david": "2721",
"sparkles": "2728",
"eight_spoked_asterisk": "2733",
"eight_pointed_star": "2734",
"eight_pointed_black_star": "2734",
"snowflake": "2744",
"sparkle": "2747",
"cross_mark": "274c",
"x": "274c",
"cross_mark_button": "274e",
"negative_squared_cross_mark": "274e",
"question_mark": "2753",
"question": "2753",
"white_question_mark": "2754",
"grey_question": "2754",
"white_exclamation_mark": "2755",
"grey_exclamation": "2755",
"exclamation_mark": "2757",
"exclamation": "2757",
"heavy_heart_exclamation_mark_ornament": "2763",
"red_heart": "2764",
"heart": "2764",
"heavy_plus_sign": "2795",
"heavy_minus_sign": "2796",
"heavy_division_sign": "2797",
"right_arrow": "27a1",
"arrow_right": "27a1",
"curly_loop": "27b0",
"double_curly_loop": "27bf",
"loop": "27bf",
"right_arrow_curving_up": "2934",
"arrow_heading_up": "2934",
"right_arrow_curving_down": "2935",
"arrow_heading_down": "2935",
"asterisk": "2a_20e3",
"left_arrow": "2b05",
"arrow_left": "2b05",
"up_arrow": "2b06",
"arrow_up": "2b06",
"down_arrow": "2b07",
"arrow_down": "2b07",
"black_large_square": "2b1b",
"white_large_square": "2b1c",
"white_medium_star": "2b50",
"star": "2b50",
"heavy_large_circle": "2b55",
"o": "2b55",
"zero": "30_20e3",
"wavy_dash": "3030",
"part_alternation_mark": "303d",
"one": "31_20e3",
"two": "32_20e3",
"circled_congratulate_ideograph": "3297",
"congratulations": "3297",
"circled_secret_ideograph": "3299",
"secret": "3299",
"three": "33_20e3",
"four": "34_20e3",
"five": "35_20e3",
"six": "36_20e3",
"seven": "37_20e3",
"eight": "38_20e3",
"nine": "39_20e3",
"copyright": "a9",
"registered": "ae",
"shibuya": "e50a",
"shibuya_109": "e50a",